loading TON_IoT ...
  train 42000  test 18000
/usr/local/lib/python3.12/dist-packages/sklearn/neural_network/_multilayer_perceptron.py:785: ConvergenceWarning: Stochastic Optimizer: Maximum iterations (1) reached and the optimization hasn't converged yet.
  warnings.warn(
  no attack                    seed 42  released  F1=0.9711  att_rej=0 hon_rej=0 caught=0  (2s)
/usr/local/lib/python3.12/dist-packages/sklearn/neural_network/_multilayer_perceptron.py:785: ConvergenceWarning: Stochastic Optimizer: Maximum iterations (1) reached and the optimization hasn't converged yet.
  warnings.warn(
  no attack                    seed 42  paper     F1=0.9711  att_rej=0 hon_rej=0 caught=0  (2s)
/usr/local/lib/python3.12/dist-packages/sklearn/neural_network/_multilayer_perceptron.py:785: ConvergenceWarning: Stochastic Optimizer: Maximum iterations (1) reached and the optimization hasn't converged yet.
  warnings.warn(
  no attack                    seed 43  released  F1=0.9705  att_rej=0 hon_rej=0 caught=0  (2s)
/usr/local/lib/python3.12/dist-packages/sklearn/neural_network/_multilayer_perceptron.py:785: ConvergenceWarning: Stochastic Optimizer: Maximum iterations (1) reached and the optimization hasn't converged yet.
  warnings.warn(
  no attack                    seed 43  paper     F1=0.9705  att_rej=0 hon_rej=0 caught=0  (2s)
/usr/local/lib/python3.12/dist-packages/sklearn/neural_network/_multilayer_perceptron.py:785: ConvergenceWarning: Stochastic Optimizer: Maximum iterations (1) reached and the optimization hasn't converged yet.
  warnings.warn(
  no attack                    seed 44  released  F1=0.9704  att_rej=0 hon_rej=0 caught=0  (2s)
/usr/local/lib/python3.12/dist-packages/sklearn/neural_network/_multilayer_perceptron.py:785: ConvergenceWarning: Stochastic Optimizer: Maximum iterations (1) reached and the optimization hasn't converged yet.
  warnings.warn(
  no attack                    seed 44  paper     F1=0.9704  att_rej=0 hon_rej=0 caught=0  (2s)
/usr/local/lib/python3.12/dist-packages/sklearn/neural_network/_multilayer_perceptron.py:785: ConvergenceWarning: Stochastic Optimizer: Maximum iterations (1) reached and the optimization hasn't converged yet.
  warnings.warn(
  adaptive s=6 opposite        seed 42  released  F1=0.9392  att_rej=20 hon_rej=0 caught=10  (2s)
/usr/local/lib/python3.12/dist-packages/sklearn/neural_network/_multilayer_perceptron.py:785: ConvergenceWarning: Stochastic Optimizer: Maximum iterations (1) reached and the optimization hasn't converged yet.
  warnings.warn(
  adaptive s=6 opposite        seed 42  paper     F1=0.9392  att_rej=20 hon_rej=0 caught=10  (2s)
/usr/local/lib/python3.12/dist-packages/sklearn/neural_network/_multilayer_perceptron.py:785: ConvergenceWarning: Stochastic Optimizer: Maximum iterations (1) reached and the optimization hasn't converged yet.
  warnings.warn(
  adaptive s=6 opposite        seed 43  released  F1=0.9385  att_rej=20 hon_rej=0 caught=10  (2s)
/usr/local/lib/python3.12/dist-packages/sklearn/neural_network/_multilayer_perceptron.py:785: ConvergenceWarning: Stochastic Optimizer: Maximum iterations (1) reached and the optimization hasn't converged yet.
  warnings.warn(
  adaptive s=6 opposite        seed 43  paper     F1=0.9385  att_rej=20 hon_rej=0 caught=10  (2s)
/usr/local/lib/python3.12/dist-packages/sklearn/neural_network/_multilayer_perceptron.py:785: ConvergenceWarning: Stochastic Optimizer: Maximum iterations (1) reached and the optimization hasn't converged yet.
  warnings.warn(
  adaptive s=6 opposite        seed 44  released  F1=0.9387  att_rej=20 hon_rej=0 caught=10  (2s)
/usr/local/lib/python3.12/dist-packages/sklearn/neural_network/_multilayer_perceptron.py:785: ConvergenceWarning: Stochastic Optimizer: Maximum iterations (1) reached and the optimization hasn't converged yet.
  warnings.warn(
  adaptive s=6 opposite        seed 44  paper     F1=0.9387  att_rej=20 hon_rej=0 caught=10  (2s)
/usr/local/lib/python3.12/dist-packages/sklearn/neural_network/_multilayer_perceptron.py:785: ConvergenceWarning: Stochastic Optimizer: Maximum iterations (1) reached and the optimization hasn't converged yet.
  warnings.warn(
  adaptive s=6 orthogonal      seed 42  released  F1=0.9392  att_rej=20 hon_rej=0 caught=10  (2s)
/usr/local/lib/python3.12/dist-packages/sklearn/neural_network/_multilayer_perceptron.py:785: ConvergenceWarning: Stochastic Optimizer: Maximum iterations (1) reached and the optimization hasn't converged yet.
  warnings.warn(
  adaptive s=6 orthogonal      seed 42  paper     F1=0.9392  att_rej=20 hon_rej=0 caught=10  (2s)
/usr/local/lib/python3.12/dist-packages/sklearn/neural_network/_multilayer_perceptron.py:785: ConvergenceWarning: Stochastic Optimizer: Maximum iterations (1) reached and the optimization hasn't converged yet.
  warnings.warn(
  adaptive s=6 orthogonal      seed 43  released  F1=0.9385  att_rej=20 hon_rej=0 caught=10  (2s)
/usr/local/lib/python3.12/dist-packages/sklearn/neural_network/_multilayer_perceptron.py:785: ConvergenceWarning: Stochastic Optimizer: Maximum iterations (1) reached and the optimization hasn't converged yet.
  warnings.warn(
  adaptive s=6 orthogonal      seed 43  paper     F1=0.9385  att_rej=20 hon_rej=0 caught=10  (2s)
/usr/local/lib/python3.12/dist-packages/sklearn/neural_network/_multilayer_perceptron.py:785: ConvergenceWarning: Stochastic Optimizer: Maximum iterations (1) reached and the optimization hasn't converged yet.
  warnings.warn(
  adaptive s=6 orthogonal      seed 44  released  F1=0.9387  att_rej=20 hon_rej=0 caught=10  (2s)
/usr/local/lib/python3.12/dist-packages/sklearn/neural_network/_multilayer_perceptron.py:785: ConvergenceWarning: Stochastic Optimizer: Maximum iterations (1) reached and the optimization hasn't converged yet.
  warnings.warn(
  adaptive s=6 orthogonal      seed 44  paper     F1=0.9387  att_rej=20 hon_rej=0 caught=10  (2s)
/usr/local/lib/python3.12/dist-packages/sklearn/neural_network/_multilayer_perceptron.py:785: ConvergenceWarning: Stochastic Optimizer: Maximum iterations (1) reached and the optimization hasn't converged yet.
  warnings.warn(
  adaptive s=3 opposite        seed 42  released  F1=0.9392  att_rej=20 hon_rej=0 caught=10  (2s)
/usr/local/lib/python3.12/dist-packages/sklearn/neural_network/_multilayer_perceptron.py:785: ConvergenceWarning: Stochastic Optimizer: Maximum iterations (1) reached and the optimization hasn't converged yet.
  warnings.warn(
  adaptive s=3 opposite        seed 42  paper     F1=0.9392  att_rej=20 hon_rej=0 caught=10  (2s)
/usr/local/lib/python3.12/dist-packages/sklearn/neural_network/_multilayer_perceptron.py:785: ConvergenceWarning: Stochastic Optimizer: Maximum iterations (1) reached and the optimization hasn't converged yet.
  warnings.warn(
  adaptive s=3 opposite        seed 43  released  F1=0.9385  att_rej=20 hon_rej=0 caught=10  (2s)
/usr/local/lib/python3.12/dist-packages/sklearn/neural_network/_multilayer_perceptron.py:785: ConvergenceWarning: Stochastic Optimizer: Maximum iterations (1) reached and the optimization hasn't converged yet.
  warnings.warn(
  adaptive s=3 opposite        seed 43  paper     F1=0.9385  att_rej=20 hon_rej=0 caught=10  (2s)
/usr/local/lib/python3.12/dist-packages/sklearn/neural_network/_multilayer_perceptron.py:785: ConvergenceWarning: Stochastic Optimizer: Maximum iterations (1) reached and the optimization hasn't converged yet.
  warnings.warn(
  adaptive s=3 opposite        seed 44  released  F1=0.9387  att_rej=20 hon_rej=0 caught=10  (2s)
/usr/local/lib/python3.12/dist-packages/sklearn/neural_network/_multilayer_perceptron.py:785: ConvergenceWarning: Stochastic Optimizer: Maximum iterations (1) reached and the optimization hasn't converged yet.
  warnings.warn(
  adaptive s=3 opposite        seed 44  paper     F1=0.9387  att_rej=20 hon_rej=0 caught=10  (2s)
/usr/local/lib/python3.12/dist-packages/sklearn/neural_network/_multilayer_perceptron.py:785: ConvergenceWarning: Stochastic Optimizer: Maximum iterations (1) reached and the optimization hasn't converged yet.
  warnings.warn(
